../Drivers/CMSIS/Include/core_cm4.h:2064:26:ITM_SendChar	16	static,ignoring_inline_asm
../Core/Src/main.c:85:5:main	8	static
../Core/Src/main.c:170:6:SystemClock_Config	88	static
../Core/Src/main.c:217:13:MX_GPIO_Init	16	static
../Core/Src/main.c:227:6:task_action	16	static
../Core/Src/main.c:241:6:StartSender1	24	static
../Core/Src/main.c:265:6:StartReceiver	24	static
../Core/Src/main.c:287:6:HAL_TIM_PeriodElapsedCallback	16	static
../Core/Src/main.c:304:6:Error_Handler	4	static,ignoring_inline_asm
