../Drivers/CMSIS/Include/core_cm4.h:2064:26:ITM_SendChar	16	static,ignoring_inline_asm
../Core/Src/main.c:72:5:main	8	static
../Core/Src/main.c:150:6:SystemClock_Config	88	static
../Core/Src/main.c:197:13:MX_GPIO_Init	16	static
../Core/Src/main.c:207:6:task_action	16	static
../Core/Src/main.c:213:6:StartTask2	16	static
../Core/Src/main.c:231:6:StartTask1	56	static
../Core/Src/main.c:257:6:HAL_TIM_PeriodElapsedCallback	16	static
../Core/Src/main.c:274:6:Error_Handler	4	static,ignoring_inline_asm
