../Drivers/CMSIS/Include/core_cm4.h:2064:26:ITM_SendChar	16	static,ignoring_inline_asm
../Core/Src/main.c:88:5:main	8	static
../Core/Src/main.c:173:6:SystemClock_Config	88	static
../Core/Src/main.c:220:13:MX_GPIO_Init	40	static
../Core/Src/main.c:241:6:task_action	16	static
../Core/Src/main.c:247:6:HAL_GPIO_EXTI_Callback	16	static
../Core/Src/main.c:262:6:StartTask1	16	static
../Core/Src/main.c:281:6:StartTask2	16	static
../Core/Src/main.c:301:6:StartTask3	16	static
../Core/Src/main.c:321:6:HAL_TIM_PeriodElapsedCallback	16	static
../Core/Src/main.c:338:6:Error_Handler	4	static,ignoring_inline_asm
