../Drivers/CMSIS/Include/core_cm4.h:2064:26:ITM_SendChar	16	static,ignoring_inline_asm
../Core/Src/main.c:85:5:main	8	static
../Core/Src/main.c:169:6:SystemClock_Config	88	static
../Core/Src/main.c:216:13:MX_GPIO_Init	16	static
../Core/Src/main.c:226:6:task_action	16	static
../Core/Src/main.c:240:6:StartTask1	16	static
../Core/Src/main.c:261:6:StartTask2	16	static
../Core/Src/main.c:283:6:HAL_TIM_PeriodElapsedCallback	16	static
../Core/Src/main.c:300:6:Error_Handler	4	static,ignoring_inline_asm
