../Drivers/CMSIS/Include/core_cm4.h:2064:26:ITM_SendChar	16	static,ignoring_inline_asm
../Core/Src/main.c:86:5:main	8	static
../Core/Src/main.c:171:6:SystemClock_Config	88	static
../Core/Src/main.c:218:13:MX_GPIO_Init	40	static
../Core/Src/main.c:239:6:task_action	16	static
../Core/Src/main.c:245:6:HAL_GPIO_EXTI_Callback	16	static
../Core/Src/main.c:259:6:StartTask1	16	static
../Core/Src/main.c:279:6:StartTask2	16	static
../Core/Src/main.c:299:6:HAL_TIM_PeriodElapsedCallback	16	static
../Core/Src/main.c:316:6:Error_Handler	4	static,ignoring_inline_asm
