../Drivers/CMSIS/Include/core_cm4.h:2064:26:ITM_SendChar	16	static,ignoring_inline_asm
../Core/Src/main.c:98:5:main	8	static
../Core/Src/main.c:189:6:SystemClock_Config	88	static
../Core/Src/main.c:236:13:MX_GPIO_Init	16	static
../Core/Src/main.c:246:6:task_action	16	static
../Core/Src/main.c:260:6:StartTask1	24	static
../Core/Src/main.c:289:6:StartTask2	16	static
../Core/Src/main.c:312:6:StartTask3	16	static
../Core/Src/main.c:332:6:HAL_TIM_PeriodElapsedCallback	16	static
../Core/Src/main.c:349:6:Error_Handler	4	static,ignoring_inline_asm
