../Drivers/CMSIS/Include/core_cm4.h:2064:26:ITM_SendChar	16	static,ignoring_inline_asm
../Core/Src/main.c:80:5:main	8	static
../Core/Src/main.c:161:6:SystemClock_Config	88	static
../Core/Src/main.c:208:13:MX_GPIO_Init	16	static
../Core/Src/main.c:218:6:task_action	16	static
../Core/Src/main.c:232:6:StartTask1	16	static
../Core/Src/main.c:252:6:StartTask2	16	static
../Core/Src/main.c:271:6:HAL_TIM_PeriodElapsedCallback	16	static
../Core/Src/main.c:288:6:Error_Handler	4	static,ignoring_inline_asm
