../Drivers/CMSIS/Include/core_cm4.h:2064:26:ITM_SendChar	16	static,ignoring_inline_asm
../Core/Src/main.c:99:5:main	8	static
../Core/Src/main.c:187:6:SystemClock_Config	88	static
../Core/Src/main.c:234:13:MX_GPIO_Init	40	static
../Core/Src/main.c:256:6:task_action	16	static
../Core/Src/main.c:270:6:StartSender1	16	static
../Core/Src/main.c:290:6:StartSender2	16	static
../Core/Src/main.c:310:6:StartReceiver	24	static
../Core/Src/main.c:338:6:HAL_TIM_PeriodElapsedCallback	16	static
../Core/Src/main.c:355:6:Error_Handler	4	static,ignoring_inline_asm
