../Drivers/CMSIS/Include/core_cm4.h:2064:26:ITM_SendChar	16	static,ignoring_inline_asm
../Core/Src/main.c:93:5:main	8	static
../Core/Src/main.c:181:6:SystemClock_Config	88	static
../Core/Src/main.c:228:13:MX_GPIO_Init	16	static
../Core/Src/main.c:238:6:task_action	16	static
../Core/Src/main.c:252:6:StartSender1	24	static
../Core/Src/main.c:273:6:StartReceiver	24	static
../Core/Src/main.c:296:6:StartSender2	24	static
../Core/Src/main.c:318:6:HAL_TIM_PeriodElapsedCallback	16	static
../Core/Src/main.c:335:6:Error_Handler	4	static,ignoring_inline_asm
