15:42:13 **** Incremental Build of configuration Debug for project 013Mutex_Semaphore ****
make -j4 all 
arm-none-eabi-gcc "../Core/Src/main.c" -mcpu=cortex-m4 -std=gnu11 -g3 -DDEBUG -DUSE_HAL_DRIVER -DSTM32F407xx -c -I../Core/Inc -I../Drivers/STM32F4xx_HAL_Driver/Inc -I../Drivers/STM32F4xx_HAL_Driver/Inc/Legacy -I../Drivers/CMSIS/Device/ST/STM32F4xx/Include -I../Drivers/CMSIS/Include -I../Middlewares/Third_Party/FreeRTOS/Source/include -I../Middlewares/Third_Party/FreeRTOS/Source/CMSIS_RTOS_V2 -I../Middlewares/Third_Party/FreeRTOS/Source/portable/GCC/ARM_CM4F -O0 -ffunction-sections -fdata-sections -Wall -fstack-usage -MMD -MP -MF"Core/Src/main.d" -MT"Core/Src/main.o" --specs=nano.specs -mfpu=fpv4-sp-d16 -mfloat-abi=hard -mthumb -o "Core/Src/main.o"
arm-none-eabi-gcc -o "013Mutex_Semaphore.elf" @"objects.list"   -mcpu=cortex-m4 -T"C:\Users\LENOVO\Desktop\STMicroelectronics - MOOC FreeRTOS on STM32\013Mutex_Semaphore\STM32F407VGTX_FLASH.ld" --specs=nosys.specs -Wl,-Map="013Mutex_Semaphore.map" -Wl,--gc-sections -static --specs=nano.specs -mfpu=fpv4-sp-d16 -mfloat-abi=hard -mthumb -Wl,--start-group -lc -lm -Wl,--end-group
Finished building target: 013Mutex_Semaphore.elf
 
arm-none-eabi-size   013Mutex_Semaphore.elf 
arm-none-eabi-objdump -h -S  013Mutex_Semaphore.elf  > "013Mutex_Semaphore.list"
   text	   data	    bss	    dec	    hex	filename
  22232	    124	  20628	  42984	   a7e8	013Mutex_Semaphore.elf
Finished building: default.size.stdout
 
Finished building: 013Mutex_Semaphore.list
 

15:42:14 Build Finished. 0 errors, 0 warnings. (took 1s.131ms)

